ivc_id=0 max_peers=2 peer_id=0 target_peer=1 out_sec_size=4096 counter=stable-counter freq=100000000
seq,t1,t2,t3,t4,offset_cycles,latency_cycles,offset_us,latency_us
1,24612881652,6951188786,6951188796,24613541179,-17662022624,329758,-176620226.240,3297.580
2,24613647150,6971157199,6971157206,24633509741,-17652421243,9931292,-176524212.430,99312.920
3,24633615832,7001189221,7001189228,24663541598,-17647389490,14962879,-176473894.900,149628.790
4,24663647496,7052197642,7052197652,24714550096,-17636901149,25451295,-176369011.490,254512.950
5,24714656094,7053188760,7053188768,24715541058,-17661909812,442478,-176619098.120,4424.780
6,24715646813,7072990041,7072990049,24735342199,-17652504461,9847689,-176525044.610,98476.890
7,24735448007,7101193751,7101193755,24763546105,-17648303303,14049047,-176483033.030,140490.470
8,24763652180,7103185102,7103185111,24765537410,-17661409688,942610,-176614096.880,9426.100
9,24765643226,7142970042,7142970051,24805322546,-17642512839,19839655,-176425128.390,198396.550
10,24805428624,7201193050,7201193058,24863545251,-17633293883,29058309,-176332938.830,290583.090
11,24863651138,7202200322,7202200331,24864552584,-17661901534,450718,-176619015.340,4507.180
12,24864658383,7205188938,7205188947,24867541235,-17660910866,1441421,-176609108.660,14414.210
13,24867647012,7256197711,7256197720,24918550057,-17636900819,25451518,-176369008.190,254515.180
14,24918656026,7301193867,7301193872,24963546267,-17639907277,22445118,-176399072.770,224451.180
15,24963652287,7307189588,7307189595,24969541775,-17659407439,2944740,-176594074.390,29447.400
16,24969647629,7308188860,7308188872,24970541173,-17661905535,446766,-176619055.350,4467.660
17,24970646969,7328139382,7328139391,24990491669,-17652429932,9922345,-176524299.320,99223.450
18,24990597559,7358189631,7358189638,25020541977,-17647380133,14972205,-176473801.330,149722.050
19,25020647845,7401193910,7401193919,25063546218,-17640903117,21449182,-176409031.170,214491.820
20,25063652107,7409189169,7409189177,25071541466,-17658407613,3944675,-176584076.130,39446.750
21,25071647337,7409463810,7409463820,25071815974,-17662267840,84313,-176622678.400,843.130
22,25071921815,7410188954,7410188962,25072541264,-17662042581,309720,-176620425.810,3097.200
23,25072647008,7428981133,7428981142,25091333503,-17653009118,9343243,-176530091.180,93432.430
24,25091439514,7460189250,7460189257,25122541495,-17646801251,15550987,-176468012.510,155509.870
25,25122647345,7501193681,7501193689,25163545879,-17641902927,20449263,-176419029.270,204492.630
26,25163651703,7511189603,7511189611,25173541985,-17657407237,4945137,-176574072.370,49451.370
27,25173647910,7512188745,7512188755,25174540934,-17661905672,446507,-176619056.720,4465.070
28,25174646808,7532149032,7532149041,25194501252,-17652424993,9927217,-176524249.930,99272.170
29,25194607088,7562189355,7562189363,25224541733,-17647385051,14967318,-176473850.510,149673.180
30,25224647639,7601193771,7601193778,25263546214,-17642903152,19449284,-176429031.520,194492.840
31,25263652223,7613189700,7613189707,25275541982,-17656407399,5944876,-176564073.990,59448.760
32,25275647902,7614188979,7614188989,25276541315,-17661905624,446701,-176619056.240,4467.010
33,25276647160,7634150187,7634150196,25296502507,-17652424642,9927669,-176524246.420,99276.690
34,25296608392,7664184687,7664184695,25326537074,-17647388042,14964337,-176473880.420,149643.370
35,25326643038,7701193050,7701193056,25363545438,-17643901185,18451197,-176439011.850,184511.970
36,25363651427,7715184782,7715184790,25377536989,-17655409422,6942777,-176554094.220,69427.770
37,25377642783,7716200334,7716200343,25378552476,-17661897291,454842,-176618972.910,4548.420
38,25378658259,7736223567,7736223576,25398575762,-17652393439,9958747,-176523934.390,99587.470
39,25398681639,7801193117,7801193126,25463545382,-17629920389,32431867,-176299203.890,324318.670
40,25463651271,7866194258,7866194264,25528546669,-17629904709,32447696,-176299047.090,324476.960
41,25528652612,7867190006,7867190015,25529542278,-17661907434,444828,-176619074.340,4448.280
42,25529648066,7887205040,7887205049,25549557284,-17652397630,9954604,-176523976.300,99546.040
43,25549665163,7901193753,7901193760,25563546042,-17655411846,6940436,-176554118.460,69404.360
44,25563651880,7919189081,7919189088,25581541376,-17653407543,8944744,-176534075.430,89447.440
45,25581647224,7970185211,7970185218,25632537563,-17636907179,25445166,-176369071.790,254451.660
46,25632643478,7971216559,7971216570,25633568785,-17661889567,462648,-176618895.670,4626.480
47,25633674597,7991239126,7991239134,25653591362,-17652393849,9958378,-176523938.490,99583.780
48,25653697240,8001193056,8001193063,25663545312,-17657428216,4924032,-176574282.160,49240.320
49,25663651085,8091250337,8091250346,25753602713,-17617376557,44975809,-176173765.570,449758.090
50,25753708684,8092200495,8092200504,25754552655,-17661930170,421981,-176619301.700,4219.810
51,25754658414,8101193090,8101193098,25763545299,-17657908762,4443438,-176579087.620,44434.380
52,25763651107,8111050395,8111050404,25773402602,-17657476455,4875743,-176574764.550,48757.430
53,25773508412,8201192965,8201192973,25863545399,-17617333936,45018489,-176173339.360,450184.890
54,25863651388,8202200299,8202200307,25864552567,-17661901674,450585,-176619016.740,4505.850
55,25864658375,8222191658,8222191664,25884544005,-17652409529,9942812,-176524095.290,99428.120
56,25884649881,8225184963,8225184973,25887537326,-17660908635,1443717,-176609086.350,14437.170
57,25887643145,8284926434,8284926443,25947278641,-17632534454,29817743,-176325344.540,298177.430
58,25947384558,8301192964,8301192972,25963545101,-17654271861,8080267,-176542718.610,80802.670
59,25963650955,8384937693,8384937702,26047289896,-17620532728,41819466,-176205327.280,418194.660
60,26047395850,8385200360,8385200369,26047552640,-17662273880,78390,-176622738.800,783.900
61,26047658495,8390303632,8390303640,26052655856,-17659853539,2498676,-176598535.390,24986.760
62,26052761640,8401192974,8401192982,26063545113,-17656960398,5391732,-176569603.980,53917.320
63,26063650973,8490314792,8490314799,26152667130,-17617844256,44508075,-176178442.560,445080.750
64,26152773199,8491200286,8491200294,26153552437,-17661962528,389615,-176619625.280,3896.150
65,26153658321,8501193123,8501193130,26163545309,-17657408688,4943490,-176574086.880,49434.900
66,26163651112,8508751907,8508751915,26171104128,-17658625709,3726504,-176586257.090,37265.040
67,26171209917,8601193112,8601193122,26263545349,-17616184516,46167711,-176161845.160,461677.110
68,26263651157,8602200451,8602200459,26264552748,-17661901497,450791,-176619014.970,4507.910
69,26264658642,8622195537,8622195543,26284547794,-17652407678,9944573,-176524076.780,99445.730
70,26284653773,8701193141,8701193150,26363545412,-17622906447,39445815,-176229064.470,394458.150
71,26363651332,8784193889,8784193898,26446546153,-17620904849,41447406,-176209048.490,414474.060
72,26446651976,8785200282,8785200291,26447552567,-17661901985,450291,-176619019.850,4502.910
73,26447658369,8801193078,8801193087,26463545280,-17654408742,7943451,-176544087.420,79434.510
74,26463651130,8805172259,8805172268,26467524359,-17660415481,1936610,-176604154.810,19366.100
75,26467630140,8900173008,8900173017,26562525390,-17614904752,47447620,-176149047.520,474476.200
76,26562631258,8901193063,8901193072,26563545187,-17661895155,456960,-176618951.550,4569.600
77,26563650977,8996193737,8996193745,26658546165,-17614904830,47447590,-176149048.300,474475.900
78,26658652142,9001193051,9001193058,26663545235,-17659905634,2446543,-176599056.340,24465.430
79,26663651113,9002200340,9002200349,26664552578,-17661901501,450728,-176619015.010,4507.280
80,26664658381,9022193292,9022193298,26684545548,-17652408669,9943580,-176524086.690,99435.800
81,26684651443,9101193082,9101193090,26763545398,-17622905334,39446973,-176229053.340,394469.730
82,26763651216,9192193909,9192193918,26854546107,-17616904748,45447441,-176169047.480,454474.410
83,26854651962,9193200362,9193200371,26855552599,-17661901914,450314,-176619019.140,4503.140
84,26855658424,9201193127,9201193138,26863545352,-17658408755,3943458,-176584087.550,39434.580
85,26863651137,9213179162,9213179169,26875531433,-17656412119,5940144,-176564121.190,59401.440
86,26875639013,9301193035,9301193044,26963545344,-17618399139,43953161,-176183991.390,439531.610
87,26963651287,9302200258,9302200266,26964552435,-17661901599,450570,-176619015.990,4505.700
88,26964658274,9322191890,9322191897,26984544103,-17652409295,9942911,-176524092.950,99429.110
89,26984649907,9347190413,9347190422,27009542792,-17649905932,12446438,-176499059.320,124464.380
90,27009648588,9398185427,9398185434,27060537756,-17636907741,25444580,-176369077.410,254445.800
91,27060643724,9401193135,9401193146,27063545338,-17660901390,1450801,-176609013.900,14508.010
92,27063651156,9496192982,9496192991,27158545343,-17614905263,47447089,-176149052.630,474470.890
93,27158651329,9497200475,9497200484,27159552669,-17661901519,450665,-176619015.190,4506.650
94,27159658489,9500188957,9500188966,27162541271,-17660910918,1441386,-176609109.180,14413.860
95,27162647160,9501194024,9501194032,27163546266,-17661902685,449549,-176619026.850,4495.490
96,27163652043,9551189796,9551189803,27213542071,-17637407257,24945010,-176374072.570,249450.100
97,27213647934,9601193819,9601193830,27263546020,-17637403152,24949037,-176374031.520,249490.370
98,27263651837,9602184499,9602184507,27264536646,-17661909738,442400,-176619097.380,4424.000
99,27264642450,9621965898,9621965907,27284318183,-17652514414,9837862,-176525144.140,98378.620
100,27284424164,9653184707,9653184715,27315537009,-17646795875,15556418,-176467958.750,155564.180
summary: samples=100 offset_avg_cycles=-17648891422.670 offset_avg_us=-176488914.227 latency_avg_cycles=13460846.420 offset_min=-17662273880 offset_max=-17614904752
